[2025-12-29T17:30:54.148Z] ⚠️ FUI KICKADO: {"color":"red","text":"Você não está logado na sua conta do Minecraft. Se você já está logado na sua conta do Minecraft, tente reiniciar seu cliente do Minecraft."}


=== NOVA SESSÃO 2025-12-29 14:41:42.576781 ===

[2025-12-29T17:41:47.251Z] ⚠️ FUI KICKADO: {"color":"red","text":"Você não está logado na sua conta do Minecraft. Se você já está logado na sua conta do Minecraft, tente reiniciar seu cliente do Minecraft."}


=== NOVA SESSÃO 2025-12-29 14:44:15.962231 ===

[2025-12-29T17:44:18.382Z] ⚠️ FUI KICKADO: {"color":"red","text":"Você não está logado na sua conta do Minecraft. Se você já está logado na sua conta do Minecraft, tente reiniciar seu cliente do Minecraft."}


=== NOVA SESSÃO 2025-12-29 14:51:52.720327 ===

[2025-12-29T17:51:56.491Z] 🌍 Spawnei em 7, -7, 22
[2025-12-29T17:52:51.527Z] ⚠️ FUI KICKADO: {"color":"red","text":"Você demorou muito para registrar."}
[2025-12-29T17:52:56.893Z] 📤 Comando: /registrar anime30rr anime30rr


=== NOVA SESSÃO 2025-12-29 15:05:47.426593 ===

[2025-12-29T18:05:51.971Z] 🌍 Spawnei em 7, -7, 22
[2025-12-29T18:05:52.299Z] 📤 Comando: /registrar anime30rr anime30rr
[2025-12-29T18:05:53.076Z] 🌍 Spawnei em 1, 63, -1


=== NOVA SESSÃO 2025-12-29 15:07:19.132444 ===

[2025-12-29T18:07:22.488Z] 🌍 Spawnei em 7, -7, 22
[2025-12-29T18:07:22.797Z] 📤 Comando: /registrar anime30rr anime30rr
[2025-12-29T18:07:25.724Z] 💬 BawMC: .pudin8455 acabou de adquirir CHAVE LENDÁRIA na loja! Acesse: https://loja.bawmc.net
[2025-12-29T18:08:55.409Z] ⚠️ FUI KICKADO: {"color":"red","text":"Você demorou muito para logar."}


=== NOVA SESSÃO 2025-12-29 15:11:27.375346 ===

[2025-12-29T18:11:31.635Z] 🌍 Spawnei em 7, -7, 22
[2025-12-29T18:11:52.394Z] 📤 Comando: /registrar anime30rr anime30rr


=== NOVA SESSÃO 2025-12-29 15:17:51.908316 ===

[2025-12-29T18:17:55.831Z] 🌍 Spawnei em 7, -7, 22
[2025-12-29T18:17:56.153Z] 📤 Comando: /registrar anime30rr anime30rr
[2025-12-29T18:19:07.383Z] ⚠️ FUI KICKADO: {"color":"red","text":"Você demorou muito para logar."}


=== NOVA SESSÃO 2025-12-29 15:19:33.691235 ===

[2025-12-29T18:19:36.481Z] 🌍 Spawnei em 7, -7, 22
[2025-12-29T18:19:51.824Z] 📤 Comando: /registrar anime30rr anime30rr


=== NOVA SESSÃO 2025-12-29 15:23:06.459459 ===

[2025-12-29T18:23:09.638Z] 🌍 Spawnei em 7, -7, 22
[2025-12-29T18:23:13.856Z] 📤 Comando: /registrar anime30rr anime30rr


=== NOVA SESSÃO 2025-12-29 15:30:49.423891 ===

[2025-12-29T18:30:53.783Z] 🌍 Spawnei em 7, -7, 22
[2025-12-29T18:30:54.111Z] 📤 Comando: /registrar anime30rr anime30rr
[2025-12-29T18:31:37.657Z] ⚠️ FUI KICKADO: {"color":"red","text":"Você demorou muito para logar."}


=== NOVA SESSÃO 2025-12-29 15:31:46.372933 ===

[2025-12-29T18:31:48.963Z] 🌍 Spawnei em 7, -7, 22
[2025-12-29T18:31:53.780Z] 📤 Comando: /registrar anime30rr anime30rr
[2025-12-29T18:33:34.128Z] ⚠️ FUI KICKADO: {"color":"red","text":"Você demorou muito para logar."}


=== NOVA SESSÃO 2025-12-29 15:38:26.438810 ===

[2025-12-29T18:38:29.261Z] 🌍 Spawnei em 7, -7, 22
[2025-12-29T18:38:29.572Z] 📤 Comando: /registrar anime30rr anime30rr
[2025-12-29T18:39:13.137Z] ⚠️ FUI KICKADO: {"color":"red","text":"Você demorou muito para logar."}


=== NOVA SESSÃO 2025-12-29 15:41:13.453649 ===

[2025-12-29T18:41:16.263Z] 🌍 Spawnei em 7, -7, 22
[2025-12-29T18:41:16.571Z] 📤 Comando: /registrar anime30rr anime30rr
[2025-12-29T18:41:38.022Z] 📤 Comando: /logar anime30rr
[2025-12-29T18:42:05.877Z] ⚠️ FUI KICKADO: {"color":"red","text":"Você demorou muito para logar."}


=== NOVA SESSÃO 2025-12-29 15:45:26.192924 ===

[2025-12-29T18:45:29.453Z] 🌍 Spawnei em 7, -7, 22
[2025-12-29T18:45:33.978Z] 📤 Comando: /logar anime30rr
[2025-12-29T18:45:34.727Z] 🌍 Spawnei em 1, 63, -1


=== NOVA SESSÃO 2025-12-29 15:58:43.940184 ===

[2025-12-29T18:58:48.061Z] 🌍 Spawnei em 7, -7, 22
[2025-12-29T18:58:49.086Z] 🔐 Tentativa de login automático enviada.
[2025-12-29T18:58:49.855Z] 🌍 Spawnei em 1, 63, -1
[2025-12-29T18:58:50.856Z] 🔐 Tentativa de login automático enviada.
[2025-12-29T18:59:18.445Z] 📤 Comando: /logar anime30rr


=== NOVA SESSÃO 2025-12-29 16:00:11.090430 ===

[2025-12-29T19:00:13.991Z] 🌍 Spawnei em 1, 63, -1
[2025-12-29T19:00:14.999Z] 🔐 Tentativa de login automático enviada.
[2025-12-29T19:01:32.390Z] 📤 Comando: /logar anime30rr
[2025-12-29T19:01:57.662Z] 💬 BawMC: pr3mii acabou de adquirir LITE MENSAL na loja! Acesse: https://loja.bawmc.net
[2025-12-29T19:02:43.448Z] 💬 luccs8538: xit?
[2025-12-29T19:04:08.594Z] 💬 BawMC: oijonaspro acabou de adquirir 20000 GEMAS na loja! Acesse: https://loja.bawmc.net
[2025-12-29T19:07:08.462Z] 💬 BawMC: MasterNoob6923 acabou de adquirir VIP MENSAL na loja! Acesse: https://loja.bawmc.net
[2025-12-29T19:12:19.714Z] 💬 BawMC: SatturnniOnTop acabou de adquirir VIP MENSAL na loja! Acesse: https://loja.bawmc.net
[2025-12-29T19:12:54.049Z] ❌ Erro: read ECONNABORTED
[2025-12-29T19:43:14.692Z] 🌍 Spawnei em 7, -7, 22
[2025-12-29T19:43:15.713Z] 🔐 Login enviado.
[2025-12-29T19:43:16.512Z] 🌍 Spawnei em 1, 63, -1
[2025-12-29T19:43:17.514Z] 🔐 Login enviado.
[2025-12-29T19:43:18.714Z] 🚶 Indo até o NPC...
[2025-12-29T19:46:53.998Z] 🌍 Spawnei em 1, 63, -1
[2025-12-29T19:46:55.006Z] 🔐 Login enviado.
[2025-12-29T19:46:58.008Z] 🚶 Indo até o NPC...
[2025-12-29T19:47:02.018Z] ⚔️ Interagi com o NPC.
[2025-12-29T19:47:03.112Z] 🌍 Spawnei em -5, 72, -5
[2025-12-29T19:47:04.113Z] 🔐 Login enviado.
[2025-12-29T19:47:04.769Z] 💬 zegaMC1122: pedri
[2025-12-29T19:47:05.093Z] 💬 cassioBRinaldo: peixoto tem base?
[2025-12-29T19:47:05.650Z] 💬 License: Rec on cla barbaros no discord do bawmc!!! vem pro nosso clan (familia) acoitaremos todos e todas!!! venha fazer parte e historia
[2025-12-29T19:47:05.799Z] 💬 Peixoto9425: Br upa geral junto
[2025-12-29T19:47:06.254Z] 💬 1Sanzin: felipe
[2025-12-29T19:47:07.019Z] 🏃 Andando 10 blocos para frente...
[2025-12-29T19:47:07.020Z] 📍 Cheguei no destino final. Parado.
[2025-12-29T19:47:07.114Z] 🚶 Indo até o NPC...
[2025-12-29T19:47:09.544Z] 💬 Matheuxx: mds ta lag
[2025-12-29T19:47:09.734Z] 💬 Iamlipe01: correu ez
[2025-12-29T19:47:11.144Z] ⚔️ Interagi com o NPC.
[2025-12-29T19:47:12.698Z] 💬 bowlieee: entra na call do dc subaru
[2025-12-29T19:47:13.386Z] 💬 1Sanzin: da /kit
[2025-12-29T19:47:13.387Z] 💬 Peixoto9425: N nos twem q fazer
[2025-12-29T19:47:14.491Z] 💬 DREAMPLAYER7139: Benoooo bora pra base man
[2025-12-29T19:47:15.044Z] 💬 Allowko: @masterhg no odacraft tu ja me deu um desconto que ja tinha sumido porque eu tinha doado 50 reais pro RS
[2025-12-29T19:47:16.144Z] 🏃 Andando 10 blocos para frente...
[2025-12-29T19:47:16.145Z] 📍 Cheguei no destino final. Parado.
[2025-12-29T19:47:16.351Z] 💬 mel_mansototo: all/ah
[2025-12-29T19:47:18.354Z] 💬 zegaMC1122: matheux
[2025-12-29T19:47:18.395Z] 💬 Peixoto9425: Como marca spawn
[2025-12-29T19:47:18.951Z] 💬 59c1: calma Iamlipe01 pqp
[2025-12-29T19:47:23.349Z] 📍 Sistema: NATAL yanzin2109: tpa cpvp
[2025-12-29T19:47:24.204Z] 💬 Matheuxx: oi zega
[2025-12-29T19:47:25.548Z] 💬 bowlieee: ss no dc do cl
[2025-12-29T19:47:29.004Z] 💬 Iamlipe01: correu ez!
[2025-12-29T19:47:30.472Z] 💬 zegaMC1122: tp
[2025-12-29T19:47:30.998Z] 💬 Sr_monsterHg: rafa
[2025-12-29T19:47:33.788Z] 💬 Rafa12gm: fala
[2025-12-29T19:47:34.806Z] 💬 felipe2013_11: japa quer time
[2025-12-29T19:47:36.353Z] 💬 bowlieee: cln**
[2025-12-29T19:47:37.754Z] 💬 itzbenjamim9510: oi morenoxit
[2025-12-29T19:47:39.198Z] 💬 Matheuxx: nn
[2025-12-29T19:47:41.116Z] 💬 Sr_monsterHg: br x1 ate estourar totem
[2025-12-29T19:47:41.747Z] 💬 bowlieee: clan
[2025-12-29T19:47:43.273Z] 💬 Davigrain: @pr3mii qual teu dc tenho proposta
[2025-12-29T19:47:45.249Z] 💬 Rafa12gm: n
[2025-12-29T19:47:47.295Z] 💬 lag999_: sou do time
[2025-12-29T19:47:48.852Z] 💬 moreno_xit: oi
[2025-12-29T19:47:49.703Z] 💬 Rafa12gm: vlw
[2025-12-29T19:47:49.718Z] 💬 JapaR7113: ss
[2025-12-29T19:47:49.810Z] 💬 Sr_monsterHg: paia
[2025-12-29T19:47:51.451Z] 💬 HarryP0tter9930: alguém vende molde de ferraria do silêncio?
[2025-12-29T19:47:52.896Z] 💬 Matheuxx: eu time felipe
[2025-12-29T19:47:55.453Z] 💬 zegaMC1122: alguem time??
[2025-12-29T19:47:58.050Z] 💬 oliverlz7kk: me doa algum item pfv
[2025-12-29T19:48:00.054Z] 💬 Junicamara: zega
[2025-12-29T19:48:00.307Z] 📍 Sistema: NATAL yanzin2109: tpa cpvp.
[2025-12-29T19:48:05.797Z] 💬 Junicamara: eu
[2025-12-29T19:48:05.848Z] 💬 Peixoto9425: Br upa gente
[2025-12-29T19:48:08.553Z] 💬 oliverlz7kk: sou iniciante
[2025-12-29T19:48:10.200Z] 💬 JackDrunk: vou fazer uma arena aqui
[2025-12-29T19:48:10.493Z] 💬 felipe2013_11: bora
[2025-12-29T19:48:12.349Z] 💬 Peixoto9425: Cada um escolhe sua funcao
[2025-12-29T19:48:17.346Z] 💬 felipe2013_11: quer time japa?
[2025-12-29T19:48:18.301Z] 💬 oliverlz7kk: vc que sabe
[2025-12-29T19:48:21.097Z] 💬 Wonhipie: Compro 1 pack de lã por 5k
[2025-12-29T19:48:22.920Z] 💬 JackDrunk: kakakakakkakakakakkakakakkakaka
[2025-12-29T19:48:23.506Z] 💬 JapaR7113: @.Peixoto9425 vem ka
[2025-12-29T19:48:24.247Z] 💬 Peixoto9425: A minha pega comida
[2025-12-29T19:48:29.314Z] 💬 PyromaniacVV: _Htz quer comprar o Bau pa mim n?
[2025-12-29T19:48:32.402Z] 💬 Ice00228744: Pago até 5k no pack de madeira de mangue
[2025-12-29T19:48:34.303Z] 💬 JackDrunk: kakakakakkakakak
[2025-12-29T19:48:35.400Z] 📍 Sistema: .kaiquekin: tpaceitar Heitor_666
[2025-12-29T19:48:35.401Z] 💬 kaiquekin: tpaceitar Heitor_666
[2025-12-29T19:48:37.147Z] 💬 Ewt420: Esse server vai resetar?
[2025-12-29T19:48:38.050Z] 💬 PaulinoPk: e pamol vou ter que sai
[2025-12-29T19:48:43.460Z] 💬 Ice00228744: Alguem coleta madeira de mangue?
[2025-12-29T19:48:47.049Z] 💬 59c1: ez runn
[2025-12-29T19:48:49.011Z] 💬 andizim798: yanzin2109 ta com medo de aceita
[2025-12-29T19:48:49.200Z] 💬 Rafa12gm: n
[2025-12-29T19:48:49.905Z] 💬 Paimol3: ta bom
[2025-12-29T19:48:50.208Z] 💬 PyromaniacVV: Olk
[2025-12-29T19:48:52.398Z] 💬 felipe2013_11: que que foi isso
[2025-12-29T19:48:54.805Z] 💬 ward3nzn1: vendo cada milhão a 8 reais, tb vendo full neth com espada td encantado por 3,99. chamem dc 404_y76 ou mandem /tell -
[2025-12-29T19:48:56.851Z] 💬 Paimol3: mas nao demora
[2025-12-29T19:48:59.649Z] 📍 Sistema: NATAL yanzin2109: tpa cpvp
[2025-12-29T19:49:01.347Z] 💬 GDream8425: pr3mii
[2025-12-29T19:49:02.244Z] 💬 JackDrunk: eu tava cm nivel 82 meu filho
[2025-12-29T19:49:03.796Z] 💬 59c1: vou dar rtp c n vim Iamlipe01
[2025-12-29T19:49:05.996Z] 💬 ward3nzn1: vendo cada milhão a 8 reais, tb vendo full neth com espada td encantado por 3,99. chamem dc 404_y76 ou mandem /tell ----
[2025-12-29T19:49:07.145Z] 📍 Sistema: LITE palhaso: tpa =cpvp
[2025-12-29T19:49:07.146Z] 💬 palhaso: tpa =cpvp
[2025-12-29T19:49:08.195Z] 💬 Paimol3: paulino pera
[2025-12-29T19:49:08.446Z] 💬 Matheuxx: GG
[2025-12-29T19:49:13.002Z] 💬 zbielz_: GG
[2025-12-29T19:49:14.203Z] 💬 pedrinho43s1814: alguém time
[2025-12-29T19:49:18.902Z] 💬 selokkcompensa: a
[2025-12-29T19:49:23.899Z] 📍 Sistema: VIP isaacalvescar: alguém me manda tpa pra matar um Full net
[2025-12-29T19:49:23.900Z] 💬 isaacalvescar: alguém me manda tpa pra matar um Full net
[2025-12-29T19:49:27.123Z] 📍 Sistema: NATAL yanzin2109: tpa cpvp.
[2025-12-29T19:49:32.645Z] 💬 JackDrunk: eu tava nivel 82
[2025-12-29T19:49:37.556Z] 💬 freirexz: w
[2025-12-29T19:49:38.090Z] 💬 oliverlz7kk: obrigadoooo
[2025-12-29T19:49:38.496Z] 💬 ward3nzn1: vendo cada milhão a 8 reais, tb vendo full neth com espada td encantado por 3,99. chamem dc 404_y76 ou mandem /tell
[2025-12-29T19:49:41.336Z] 💬 JapaR7113: pronto
[2025-12-29T19:49:42.094Z] 💬 zLuksXd: 32 maçã dourada no ah por 3k
[2025-12-29T19:49:44.393Z] 💬 JackDrunk: tu me matou por nada
[2025-12-29T19:49:50.247Z] 💬 JackDrunk: que traição
[2025-12-29T19:49:54.797Z] 📍 Sistema: Miguel_Savoldi2: tpa raid base
[2025-12-29T19:49:54.798Z] 💬 Miguel_Savoldi2: tpa raid base
[2025-12-29T19:49:56.458Z] 💬 DREAMPLAYER7139: Benooo
[2025-12-29T19:49:58.198Z] 💬 59c1: alg pvp
[2025-12-29T19:49:59.796Z] 💬 felipe2013_11: japa cade .Peixoto9425
[2025-12-29T19:50:01.143Z] 📍 Sistema: NATAL yanzin2109: tpa cpvp
[2025-12-29T19:50:05.255Z] 💬 Arth_turgita: pq kkkk
[2025-12-29T19:50:05.996Z] 💬 Superbryam: du vi cbdu sdib b ihdyfgdek c0jj bdn ddfjhgerov
[2025-12-29T19:50:08.197Z] 💬 GDream8425: pr3mii .
[2025-12-29T19:50:08.695Z] 💬 BawMC: maedolucas2 acabou de adquirir NATAL MENSAL na loja! Acesse: https://loja.bawmc.net
[2025-12-29T19:50:08.795Z] 💬 1Sanzin: .JapaR7113 quanto tempo
[2025-12-29T19:50:10.595Z] 💬 Davi_de_gelo366: posso yanzin????
[2025-12-29T19:50:11.140Z] 💬 VHPOWERXP: gg
[2025-12-29T19:50:11.866Z] 💬 JapaR7113: ele saiu do time
[2025-12-29T19:50:12.089Z] 💬 leozim23150709: gg
[2025-12-29T19:50:15.846Z] 📍 Sistema: NATAL yanzin2109: tpa cpvp.
[2025-12-29T19:50:15.947Z] 💬 moreno_xit: gg
[2025-12-29T19:50:18.493Z] 💬 felipe2013_11: oxi por que
[2025-12-29T19:50:21.991Z] 💬 JapaR7113: sla
[2025-12-29T19:50:24.990Z] 💬 GDream8425: pr3mii.
[2025-12-29T19:50:27.803Z] 📍 Sistema: .Peixoto9425: Manda tpaqui para mim
[2025-12-29T19:50:27.804Z] 💬 Peixoto9425: Manda tpaqui para mim
[2025-12-29T19:50:28.394Z] 💬 felipe2013_11: hm ata
[2025-12-29T19:50:29.544Z] 📍 Sistema: VIP isaacalvescar: alguém me manda tpa pra matar um Full netherite, amém Jesus que não é trap
[2025-12-29T19:50:29.545Z] 💬 isaacalvescar: alguém me manda tpa pra matar um Full netherite, amém Jesus que não é trap
[2025-12-29T19:50:29.594Z] 💬 authentcgame: a/senhores base
[2025-12-29T19:50:30.200Z] 💬 License: Rec on cla barbaros no discord do bawmc!!! vem pro nosso clan (familia) acoitaremos todos e todas!!! venha fazer parte e historia.
[2025-12-29T19:50:35.448Z] 💬 Junicamara: alg pd me doar uma picareta de dima
[2025-12-29T19:50:35.953Z] 💬 DREAMPLAYER7139: beno
[2025-12-29T19:50:37.409Z] 📍 Sistema: VIP invasor01: pr3mii manda tpa
[2025-12-29T19:50:37.410Z] 💬 invasor01: pr3mii manda tpa
[2025-12-29T19:50:38.125Z] 💬 JapaR7113: ss
[2025-12-29T19:50:40.895Z] 💬 Xxsolrac13: eae
[2025-12-29T19:50:41.869Z] 💬 DREAMPLAYER7139: se não fez uma base?
[2025-12-29T19:50:43.144Z] 💬 pedrinho43s1814: que isso
[2025-12-29T19:50:48.892Z] 💬 ward3nzn1: vendo cada milhão a 8 reais, tb vendo full neth com espada td encantado por 3,99. chamem dc 404_y76 ou mandem /tell --
[2025-12-29T19:50:51.165Z] 💬 Xxsolrac13: totem
[2025-12-29T19:50:51.213Z] 💬 JapaR7113: pera ai
[2025-12-29T19:50:54.544Z] 📍 Sistema: ELITE gbzinamassajava: Tpa=pvp
[2025-12-29T19:50:55.799Z] 💬 freirexz: ``
[2025-12-29T19:50:59.199Z] 💬 Peixoto9425: Japa
[2025-12-29T19:51:00.041Z] 💬 1Sanzin: esqueceu ja?
[2025-12-29T19:51:00.746Z] 💬 zbielz_: alguem raidando base sem ser trap?
[2025-12-29T19:51:01.443Z] 💬 HarryP0tter9930: alguém vende ardósia???
[2025-12-29T19:51:04.896Z] 📍 Sistema: .Peixoto9425: Manda tpaqui para m9im
[2025-12-29T19:51:04.896Z] 💬 Peixoto9425: Manda tpaqui para m9im
[2025-12-29T19:51:07.996Z] 💬 JapaR7113: vlw pelo 5 full nederite kkkk
[2025-12-29T19:51:08.145Z] 💬 DREAMPLAYER7139: Beno caramba
[2025-12-29T19:51:13.702Z] 💬 pedrinho43s1814: tem base
[2025-12-29T19:51:15.146Z] 💬 OLIVEIRA0090: Estou doando itens da tp
[2025-12-29T19:51:15.495Z] 💬 59c1: mds
[2025-12-29T19:51:19.505Z] 💬 1Sanzin: pede bença
[2025-12-29T19:51:23.671Z] 📍 Sistema: .Peixoto9425: Japa manda tpaqui para eu
[2025-12-29T19:51:23.672Z] 💬 Peixoto9425: Japa manda tpaqui para eu
[2025-12-29T19:51:26.941Z] 💬 pedrinho43s1814: bora fazer uma
[2025-12-29T19:51:26.959Z] 💬 slowzzw12: compro cabeça de whiter!!!!.
[2025-12-29T19:51:27.153Z] 💬 zLuksXd: eu quero oliver
[2025-12-29T19:51:32.292Z] 💬 DREAMPLAYER7139: Benooo
[2025-12-29T19:51:35.094Z] 💬 Xxsolrac13: tenho n
[2025-12-29T19:51:35.345Z] 💬 JapaR7113: da bença pra mim eu matei seu time todo
[2025-12-29T19:51:41.250Z] 💬 felipe2013_11: japa me doar dinheiro
[2025-12-29T19:51:43.042Z] 💬 slowzzw12: compra
[2025-12-29T19:51:44.894Z] 💬 DREAMPLAYER7139: se N fez uma base?
[2025-12-29T19:51:44.964Z] 💬 1Sanzin: nem no time eu tava
[2025-12-29T19:51:47.396Z] 💬 OWEN0524: acabei de achar um spawner, vendo por preço negoiciavel, manda tell!
[2025-12-29T19:51:49.346Z] 💬 felipe2013_11: que time
[2025-12-29T19:51:50.844Z] 💬 Benocancer4: eu n marquei spawn
[2025-12-29T19:51:52.549Z] 💬 59c1: ezz rub
[2025-12-29T19:51:57.315Z] 💬 Davi_de_gelo366: @Ferssuay vai me ajudar mano?
[2025-12-29T19:51:57.496Z] 💬 Peixoto9425: Japa aceita
[2025-12-29T19:51:58.001Z] 💬 1Sanzin: devolve
[2025-12-29T19:51:58.745Z] 💬 JackDrunk: ta saindo esqueleto dali de cima
[2025-12-29T19:51:59.312Z] 💬 59c1: runn AZULOTE
[2025-12-29T19:52:02.613Z] 💬 DREAMPLAYER7139: Br subir?
[2025-12-29T19:52:03.039Z] 💬 felipe2013_11: oi?w
[2025-12-29T19:52:05.344Z] 💬 JackDrunk: arruma la com o ghast
[2025-12-29T19:52:06.363Z] 💬 WoodGamer52: Eu pago 10k em 6 packs de bambu
[2025-12-29T19:52:07.046Z] 💬 HarryP0tter9930: slk batata frita
[2025-12-29T19:52:09.794Z] 💬 pedrinho43s1814: Br minerar
[2025-12-29T19:52:10.298Z] 📍 Sistema: VIP isaacalvescar: alguém me dá tpa pra matar um Full netherite, pôr favor
[2025-12-29T19:52:10.298Z] 💬 isaacalvescar: alguém me dá tpa pra matar um Full netherite, pôr favor
[2025-12-29T19:52:13.091Z] 💬 JapaR7113: @cassioBRinaldo vem ka
[2025-12-29T19:52:13.343Z] 💬 Peixoto9425: Poxa japa
[2025-12-29T19:52:15.708Z] 💬 AZULOTE: ce fica cavando igual um louco
[2025-12-29T19:52:16.549Z] 💬 Xxsolrac13: to com um coracao de vida agr
[2025-12-29T19:52:20.198Z] 💬 59c1: ez RUN
[2025-12-29T19:52:23.802Z] 💬 OWEN0524: acabei de achar um spawner, vendo por preço negoiciavel, manda tell!!
[2025-12-29T19:52:28.958Z] 💬 Night_Exility: Vendo muitos packs de quartz
[2025-12-29T19:52:32.856Z] 💬 Xxsolrac13: vou procurar comida
[2025-12-29T19:52:34.441Z] 💬 cassioBRinaldo: japa
[2025-12-29T19:52:39.656Z] 💬 DREAMPLAYER7139: alguém aí compra meus 32 Dima por 40k
[2025-12-29T19:52:41.698Z] 💬 Peixoto9425: Cassio aceita tp
[2025-12-29T19:52:43.016Z] 💬 JapaR7113: oi
[2025-12-29T19:52:48.519Z] 💬 XenoBlox_: pessoal quanto vale um pack de gelo aqui no baw
[2025-12-29T19:52:49.060Z] 💬 Matheuxx: Mute
[2025-12-29T19:52:51.704Z] 💬 Pedro02834: alg vende cabeca dde wither skeleton?
[2025-12-29T19:52:53.409Z] 💬 JoaoPedror17: 1k
[2025-12-29T19:52:54.745Z] 📍 Sistema: Miguel_Savoldi2: alguem cpvp manda tpa
[2025-12-29T19:52:54.746Z] 💬 Miguel_Savoldi2: alguem cpvp manda tpa
[2025-12-29T19:52:57.644Z] 💬 NurkerX: s
[2025-12-29T19:53:01.255Z] 💬 zbielz_: n
[2025-12-29T19:53:05.292Z] 💬 slowzzw12: compro cabeça de whiter!!!! chama no tell quem tiver
[2025-12-29T19:53:06.748Z] 💬 Peixoto9425: Alguem salvo minhja armadura?
[2025-12-29T19:53:07.956Z] 💬 NurkerX: ss
[2025-12-29T19:53:09.443Z] 💬 bowlieee: Srry
[2025-12-29T19:53:10.791Z] 💬 ward3nzn1: vendo cada milhão a 8 reais, tb vendo full neth com espada td encantado por 3,99. chamem dc 404_y76 ou mandem /tell ----
[2025-12-29T19:53:10.892Z] 💬 zbielz_: nn
[2025-12-29T19:53:12.080Z] 💬 JotaOFCL: qm q queria areia ai
[2025-12-29T19:53:16.594Z] 💬 slowzzw12: compro cabeça de whiter eskeleton !!!! chama no tell quem tiver
[2025-12-29T19:53:18.191Z] 💬 Teddit3: ;
[2025-12-29T19:53:18.292Z] 💬 NurkerX: sss
[2025-12-29T19:53:18.960Z] 💬 License: Rec on cla barbaros no discord do bawmc!!! vem pro nosso clan (familia) acoitaremos todos e todas!!! venha fazer parte e historia
[2025-12-29T19:53:19.491Z] 💬 JotaOFCL: areia n vidro
[2025-12-29T19:53:19.506Z] 💬 HarryP0tter9930: Pedro
[2025-12-29T19:53:19.552Z] 💬 pedrinho43s1814: me dá uma picaret
[2025-12-29T19:53:20.238Z] 💬 Peixoto9425: Devolve]
[2025-12-29T19:53:21.289Z] 💬 DREAMPLAYER7139: Oqueee
[2025-12-29T19:53:23.444Z] 💬 JapaR7113: @felipe2013_11 br fazer uma trep
[2025-12-29T19:53:26.053Z] 💬 zbielz_: oiie _Htz
[2025-12-29T19:53:27.505Z] 💬 Xxsolrac13: vou pegar
[2025-12-29T19:53:27.553Z] 💬 Peixoto9425: Minha armadura]
[2025-12-29T19:53:27.766Z] 💬 Benocancer4: O ferro
[2025-12-29T19:53:28.141Z] 💬 Ripluffy7673: atende a call caio
[2025-12-29T19:53:32.397Z] 💬 zbielz_: b
[2025-12-29T19:53:33.345Z] 📍 Sistema: VIP isaacalvescar: alguém Full Net bom de cpvp ou spvp me dá tpa pra matar um cara(amém que não é trap)
[2025-12-29T19:53:33.345Z] 💬 isaacalvescar: alguém Full Net bom de cpvp ou spvp me dá tpa pra matar um cara(amém que não é trap)
[2025-12-29T19:53:34.199Z] 💬 LuigiBala: qual versão é o server?
[2025-12-29T19:53:35.902Z] 💬 Xxsolrac13: pera
[2025-12-29T19:53:37.041Z] 💬 cassioBRinaldo: hahahahahahahahahahahaha
[2025-12-29T19:53:40.853Z] 💬 XenoBlox_: bawmc.net
[2025-12-29T19:53:44.102Z] 💬 Gustavo1612: como vende no /ah?
[2025-12-29T19:53:50.063Z] 💬 authentcgame: bawmc.net
[2025-12-29T19:53:50.601Z] 💬 zbielz_: como vc ta meu querido? :)
[2025-12-29T19:53:51.595Z] 💬 andizim798: baulemiscçipontuhnetih
[2025-12-29T19:53:54.143Z] 💬 LuigiBala: qual versão é o server?²
[2025-12-29T19:53:54.243Z] 💬 AntiFin0: JotaOFCL vou farmar um pouco de dinheiro afk mais coloca os vidros no /ah q eu compro quando voltar
[2025-12-29T19:53:54.446Z] 💬 Matheuxx: para de mandar link cara
[2025-12-29T19:53:55.391Z] 💬 lulubom77: lunhhy pode xray
[2025-12-29T19:53:56.641Z] 💬 Luhnny: Oii, proibido x-ray no servidor. Antigamente era liberado mas agora da ban.
[2025-12-29T19:53:57.844Z] 💬 Junicamara: Procuro picaretas boas de dima ou neth pir 10k
[2025-12-29T19:53:58.494Z] 💬 zbielz_: bawmc.net
[2025-12-29T19:54:00.690Z] 💬 Gustavo1612: obg
[2025-12-29T19:54:00.742Z] 💬 Hugosobala: bawmc.net
[2025-12-29T19:54:01.692Z] 💬 Luhnny: Opa, proibido x-ray no servidor. Antigamente podia (tem em vídeo do Excambaw) porém agora não pode mais (escolha dele).
[2025-12-29T19:54:08.574Z] 💬 Litiz: hheggegfv para de matar ou eu pego item e te mato
[2025-12-29T19:54:08.923Z] 💬 Luhnny: pr3mii tu ta fazendo meu bot spammar
[2025-12-29T19:54:09.291Z] 💬 slowzzw12: compro cabeça de whiter eskeleton !!!! chama no tell quem tiver.
[2025-12-29T19:54:11.191Z] 💬 Peixoto9425: Japa tu me traiu?
[2025-12-29T19:54:11.244Z] 💬 SecretToddynho: bom dia
[2025-12-29T19:54:11.586Z] 💬 zNuvem7: como vende itens
[2025-12-29T19:54:12.096Z] 💬 JackDrunk: arthur eu tava nivel 82!!!!
[2025-12-29T19:54:13.444Z] 💬 Ice00228744: pta que serve uma farm de cacto?
[2025-12-29T19:54:13.596Z] 💬 isaacalvescar: manda denovo, tava nos segundos
[2025-12-29T19:54:14.740Z] 💬 OWEN0524: acabei de achar um spawner, vendo por preço negoiciavel, manda tell!
[2025-12-29T19:54:15.549Z] 💬 Hugosobala: se loccoooo
[2025-12-29T19:54:16.301Z] 💬 FeuFeu213: Luhnny responde sem ser copia e cola
[2025-12-29T19:54:17.548Z] 💬 Luhnny: Oii, estou AFK no momento, estou construindo.
[2025-12-29T19:54:18.399Z] 💬 zbielz_: whatsap.bawmc.net
[2025-12-29T19:54:25.693Z] 💬 zelobo_24: alguem quer ser meu amigo
[2025-12-29T19:54:26.835Z] 💬 ward3nzn1: vendo cada milhão a 8 reais, tb vendo full neth com espada td encantado por 3,99. chamem dc 404_y76 ou mandem /tell ---
[2025-12-29T19:54:31.593Z] 💬 slowzzw12: compro cabeça de whiter eskeleton !!!! chama no tell quem tiver.,
[2025-12-29T19:54:33.323Z] 💬 zbielz_: kk
[2025-12-29T19:54:33.843Z] 💬 Luhnny: pr3mii usa essas tuas msg quanto n tem mod e helper
[2025-12-29T19:54:35.751Z] 💬 Peixoto9425: Eu zelobo
[2025-12-29T19:54:36.096Z] 💬 rafamsei: t
[2025-12-29T19:54:37.058Z] 💬 Luhnny: a gente ta aq pra isso ja
[2025-12-29T19:54:37.750Z] 💬 JackDrunk: como eu boto a listra vermelha na armadura
[2025-12-29T19:54:43.259Z] 💬 gabpro170814: alguem pode fazer time comigo?
[2025-12-29T19:54:44.456Z] 📍 Sistema: BOOST ySnowzimyz: Luhnny achei a base de um cara com xray pede tpa aq
[2025-12-29T19:54:45.243Z] 💬 Nicau17: Como ativa o voice chat no bad lion???
[2025-12-29T19:54:45.691Z] 💬 Allowko: ei @zelobo_24
[2025-12-29T19:54:48.070Z] 📍 Sistema: VIP andizim798: tpa cpvp
[2025-12-29T19:54:48.071Z] 💬 andizim798: tpa cpvp
[2025-12-29T19:54:49.904Z] 📍 Sistema: zelobo_24: me da tpa entao
[2025-12-29T19:54:49.905Z] 💬 zelobo_24: me da tpa entao
[2025-12-29T19:54:52.042Z] 💬 batatafrita123: gmail.bawmc.net
[2025-12-29T19:54:52.241Z] 💬 Junicamara: gente,pd usar xray?
[2025-12-29T19:54:53.941Z] 💬 Allowko: eu to te vendo olha pra frente
[2025-12-29T19:54:57.067Z] 💬 zbielz_: oii luhnny como vc ta minha querida?
[2025-12-29T19:54:57.334Z] 💬 Peixoto9425: Mandei
[2025-12-29T19:54:59.249Z] 💬 59c1: alg pvp
[2025-12-29T19:55:02.601Z] 💬 Luhnny: to bem, to buildando
[2025-12-29T19:55:02.757Z] 💬 OWEN0524: acabei de achar um spawner, vendo por preço negoiciavel, manda tell!!
[2025-12-29T19:55:07.847Z] 💬 ManoYazo_: Kabum.bawmc.net
[2025-12-29T19:55:09.544Z] 💬 1Sanzin: pra que?
[2025-12-29T19:55:09.562Z] 💬 selokkcompensa: kkkk
[2025-12-29T19:55:09.747Z] 💬 License: Rec on cla barbaros no discord do bawmc!!! vem pro nosso clan (familia) acoitaremos todos e todas!!! venha fazer parte e historia.
[2025-12-29T19:55:10.442Z] 💬 Matheuxx: Stumble guys????
[2025-12-29T19:55:13.998Z] 💬 Hugosobala: v2s1 parque so
[2025-12-29T19:55:17.843Z] 💬 lag999_: alg posso entrar no time de alg?
[2025-12-29T19:55:18.081Z] 💬 Peixoto9425: BR
[2025-12-29T19:55:21.193Z] 💬 Xxsolrac13: cd
[2025-12-29T19:55:23.559Z] 💬 Peixoto9425: Da tp em mim vem
[2025-12-29T19:55:23.728Z] 💬 Matheuxx: caguei.bawmc.net
[2025-12-29T19:55:23.795Z] 💬 SecretToddynho: Galera, a luhnny ta afk, mas por favor, não usem x ray, não use hack, e respeite os colegas do servidor
[2025-12-29T19:55:28.558Z] 💬 PyromaniacVV: Luhnny bane esses caras que fica colocando link toda hora plss
[2025-12-29T19:55:29.897Z] 💬 selokkcompensa: EXCAMBAW.bawmc.net
[2025-12-29T19:55:30.438Z] 💬 Samuelfassini: alguem voice chat para time?
[2025-12-29T19:55:34.744Z] 💬 PyromaniacVV: Menos de Live
[2025-12-29T19:55:38.590Z] 💬 isaacalvescar: ganhou?
[2025-12-29T19:55:39.140Z] 💬 zelobo_24: mano bora pro mundo normal fazer uma base
[2025-12-29T19:55:40.351Z] 💬 59c1: alguem pvp
[2025-12-29T19:55:40.792Z] 💬 Matheuxx: mn mds KKK
[2025-12-29T19:55:41.687Z] 💬 gabpro170814: algun cla com vagas?
[2025-12-29T19:55:42.103Z] 💬 XenoBlox_: FuiMolestado.bawmc.net
[2025-12-29T19:55:42.346Z] 💬 heitor_666: eu n consigo fala
[2025-12-29T19:55:45.695Z] 📍 Sistema: ELITE gbzinamassajava: tpa=CPVP
[2025-12-29T19:55:45.790Z] 💬 ward3nzn1: vendo cada milhão a 8 reais, tb vendo full neth com espada td encantado por 3,99. chamem dc 404_y76 ou mandem /tell --
[2025-12-29T19:55:47.142Z] 💬 FeuFeu213: batata.bawmc.net]
[2025-12-29T19:55:47.206Z] 💬 59c1: Pvp azulote
[2025-12-29T19:55:49.241Z] 💬 Luhnny: vou mutar
[2025-12-29T19:55:49.296Z] 💬 Peixoto9425: SS
[2025-12-29T19:55:51.196Z] 💬 AZULOTE: live.bawmc.net
[2025-12-29T19:55:54.993Z] 💬 XenoBlox_: Desculpa luhnny
[2025-12-29T19:55:56.261Z] 💬 Luhnny: Oii, estou AFK no momento, estou construindo.
[2025-12-29T19:55:57.093Z] 💬 Xxsolrac13: Para de enviar link
[2025-12-29T19:55:57.595Z] 💬 ManoYazo_: ta no chat é pra usar
[2025-12-29T19:55:59.200Z] 💬 Allowko: aceita zelobo_24 sou iniciante
[2025-12-29T19:56:00.150Z] 💬 PyromaniacVV: Vlw luh obg
[2025-12-29T19:56:00.992Z] 💬 Nicau17: Luhnny
[2025-12-29T19:56:01.538Z] 💬 Night_Exility: Vendo packs de quartz quem quiser manda tell
[2025-12-29T19:56:03.191Z] 💬 Luhnny: quem mandar link a partir de agora vou mutar
[2025-12-29T19:56:04.843Z] 📍 Sistema: LITE .gabrissz_140: Estou doando itens quem quiser manda tpa
[2025-12-29T19:56:05.241Z] 💬 zelobo_24: ok
[2025-12-29T19:56:06.741Z] 💬 DREAMPLAYER7139: eu tenho 32 dima
[2025-12-29T19:56:08.754Z] 💬 ward3nzn1: .br
[2025-12-29T19:56:12.241Z] 💬 FeuFeu213: linki
[2025-12-29T19:56:13.003Z] 💬 XenoBlox_: desculpa luhnny mals
[2025-12-29T19:56:16.643Z] 💬 Xxsolrac13: Alguem tem shulkers pra vender
[2025-12-29T19:56:16.891Z] 💬 ManoYazo_: alá ta no chat é pra usar paizao
[2025-12-29T19:56:19.196Z] 💬 Peixoto9425: Da tp em mim
[2025-12-29T19:56:20.543Z] 💬 PyromaniacVV: Link de live tudo bem ta
[2025-12-29T19:56:24.146Z] 💬 Luhnny: mutado
[2025-12-29T19:56:25.291Z] 💬 Matheuxx: F joao
[2025-12-29T19:56:26.892Z] 💬 congelado09: aura
[2025-12-29T19:56:27.492Z] 💬 gabpro170814: tem algun clan com vagas abertas?
[2025-12-29T19:56:27.546Z] 💬 OWEN0524: F
[2025-12-29T19:56:31.891Z] 💬 moreno_xit: f kkk
[2025-12-29T19:56:31.905Z] 💬 zbielz_: f
[2025-12-29T19:56:33.453Z] 💬 ward3nzn1: avaliandobases.bawmc.net
[2025-12-29T19:56:33.468Z] 💬 zNuvem7: F joao
[2025-12-29T19:56:33.521Z] 💬 MayconDouglas157: ;ec
[2025-12-29T19:56:37.190Z] 💬 Peixoto9425: Ze lobo da tp em mim
[2025-12-29T19:56:37.339Z] 💬 Night_Exility: F
[2025-12-29T19:56:38.600Z] 💬 Matheuxx: F warden
[2025-12-29T19:56:41.347Z] 💬 OWEN0524: acabei de achar um spawner, vendo por preço negoiciavel, manda tell!
[2025-12-29T19:56:42.152Z] 💬 Luhnny: eu avisei
[2025-12-29T19:56:44.540Z] 💬 FeuFeu213: lik
[2025-12-29T19:56:45.992Z] 📍 Sistema: ELITE gbzinamassajava: Tpa=pvp
[2025-12-29T19:56:47.194Z] 💬 zNuvem7: o pr3mii vende unmute, 30milhoes!!
[2025-12-29T19:56:48.541Z] 💬 zbielz_: Quem me mandar mais dinheiro ganha um full dima encantado e 20 netherites nao to mentindo e nem é trap e o valor inicial é 7k !!!!
[2025-12-29T19:56:50.456Z] 💬 Gustavo1612: f
[2025-12-29T19:56:52.860Z] 💬 zNuvem7: o pr3mii vende unmute, 30milhoes!!!!
[2025-12-29T19:56:53.882Z] 💬 Avatarlessa81: o que aconteceu?
[2025-12-29T19:56:54.234Z] 💬 XenoBlox_: f ward3nzn1
[2025-12-29T19:56:54.509Z] 💬 Samuelfassini: alguem time só pode time quem tem voice chat
[2025-12-29T19:56:56.543Z] 💬 Luhnny: Oii, estou AFK no momento, estou construindo.
[2025-12-29T19:56:56.891Z] 💬 isaacalvescar: 2 Full Net me ajuda a matar outros dois Full Net?
[2025-12-29T19:57:00.645Z] 💬 zelobo_24: allowko vamos fazer uma base no mundo normal
[2025-12-29T19:57:01.949Z] 💬 zNuvem7: o pr3mii vende unmute, 30milhoes!!
[2025-12-29T19:57:04.551Z] 💬 Allowko: bora
[2025-12-29T19:57:10.242Z] 💬 FeuFeu213: ninguem perguntou se tu ta afk luhnny se toca ze
[2025-12-29T19:57:13.247Z] 💬 gabpro170814: tem algun clan com vagas abertas
[2025-12-29T19:57:14.943Z] 💬 Luhnny: Não toleramos xingamentos no servidor, leiam as regras no /regras.
[2025-12-29T19:57:16.645Z] 💬 HarryP0tter9930: alguém bota ardósia no /ah
[2025-12-29T19:57:16.798Z] 📍 Sistema: Allowko: zelobo_24 manda tpa
[2025-12-29T19:57:16.798Z] 💬 Allowko: zelobo_24 manda tpa
[2025-12-29T19:57:20.200Z] 💬 gabpro170814: tem algun clan com vagas abertas?
[2025-12-29T19:57:29.612Z] 💬 isaacalvescar: vou aceitar
[2025-12-29T19:57:32.345Z] 💬 Tigresakkkkk: os cara fala de xray mais n ta pegando mais ue
[2025-12-29T19:57:32.540Z] 💬 LABU: Luhnny assina minha espada pls
[2025-12-29T19:57:32.743Z] 💬 zNuvem7: como sai do spawn
[2025-12-29T19:57:40.353Z] 💬 59c1: alguem pvpw
[2025-12-29T19:57:41.598Z] 💬 Kiko2015rp: alguém time sou ful diamante
[2025-12-29T19:57:43.790Z] 💬 gabpro170814: da /rpt
[2025-12-29T19:57:45.743Z] 📍 Sistema: Allowko: zelobo_24 manda tpa ai
[2025-12-29T19:57:45.743Z] 💬 Allowko: zelobo_24 manda tpa ai
[2025-12-29T19:57:47.760Z] 💬 choraprobala: z nuvem
[2025-12-29T19:57:48.848Z] 💬 OWEN0524: acabei de achar um spawner, vendo por preço negoiciavel, manda tell!!
[2025-12-29T19:57:54.111Z] 💬 FeuFeu213: qual o ip do servidor bawmc ponto net
[2025-12-29T19:57:59.443Z] 💬 LABU: _Htz assina minha espada?
[2025-12-29T19:58:02.944Z] 💬 EuMeChamoPaulo: bawmc.net
[2025-12-29T19:58:06.548Z] 📍 Sistema: zelobo_24: allowko da tpa em mim
[2025-12-29T19:58:06.549Z] 💬 zelobo_24: allowko da tpa em mim
[2025-12-29T19:58:08.994Z] 💬 itzbenjamim9510: bawmc.net
[2025-12-29T19:58:09.393Z] 💬 PyromaniacVV: mute
[2025-12-29T19:58:09.791Z] 💬 Peixoto9425: n me mata pls ja me roubaram
[2025-12-29T19:58:09.987Z] 💬 Xxsolrac13: eu morri
[2025-12-29T19:58:13.591Z] 💬 Nicau17: Como ativa o voice chat pelo badlion?
[2025-12-29T19:58:18.455Z] 💬 Matheuxx: F eu mechamopaulo F itzbenja
[2025-12-29T19:58:19.591Z] 💬 Xxsolrac13: qm?
[2025-12-29T19:58:20.215Z] 💬 isaacalvescar: sai daqui
[2025-12-29T19:58:21.200Z] 💬 Duarte12345: bawmc.net
[2025-12-29T19:58:21.607Z] 📍 Sistema: cassioBRinaldo: alguem time manda tpa
[2025-12-29T19:58:21.608Z] 💬 cassioBRinaldo: alguem time manda tpa
[2025-12-29T19:58:24.290Z] 💬 Matheuxx: F
[2025-12-29T19:58:28.490Z] 💬 PyromaniacVV: F +1
[2025-12-29T19:58:33.189Z] 💬 gabpro170814: n da pelo badlion nicau
[2025-12-29T19:58:33.207Z] 💬 LABU: _Htz assina a espada
[2025-12-29T19:58:33.488Z] 💬 zelobo_24: bora fazer uma base
[2025-12-29T19:58:37.488Z] 💬 Peixoto9425: os cara la
[2025-12-29T19:58:37.739Z] 💬 isaacalvescar: meque merda, me trancaram
[2025-12-29T19:58:38.043Z] 💬 itzbenjamim9510: htz seu desulmilde manda salve eu te amo
[2025-12-29T19:58:38.139Z] 💬 Allowko: tu quer faze no subterraneo ne
[2025-12-29T19:58:38.840Z] 💬 Gustavo1612: deu ruim
[2025-12-29T19:58:42.293Z] 💬 Benocancer4: Dream
[2025-12-29T19:58:43.394Z] 💬 isaacalvescar: aaaa
[2025-12-29T19:58:45.243Z] 💬 Peixoto9425: br jg juntos
[2025-12-29T19:58:47.447Z] 💬 LABU: _Htz assina minha espada plsss
[2025-12-29T19:58:51.091Z] 💬 Benocancer4: Aquele mlk perseguiu nois
[2025-12-29T19:58:51.986Z] 💬 JackDrunk: voes querme comprar o que, tenho de tudo
[2025-12-29T19:59:09.588Z] 🌍 Spawnei em 7, -7, 22
[2025-12-29T19:59:10.613Z] 🔐 Login enviado.
[2025-12-29T19:59:10.668Z] ⚠️ KICKADO: {"color":"red","text":"Você inseriu a senha incorreta."}
[2025-12-29T19:59:13.617Z] 🚶 Indo até o NPC...
[2025-12-29T19:59:22.629Z] 🏃 Andando 10 blocos para frente...
[2025-12-29T20:02:27.517Z] 🌍 Spawnei em 7, -7, 22
[2025-12-29T20:02:28.524Z] 🔐 Tentando logar com a senha: anime30rr
[2025-12-29T20:02:28.576Z] ⚠️ KICKADO: {"color":"red","text":"Você inseriu a senha incorreta."}
[2025-12-29T20:02:31.529Z] 🚶 Indo até o NPC do Semi-Anarquia...
[2025-12-29T20:05:03.542Z] 🌍 Spawnei em 7, -7
[2025-12-29T20:05:05.052Z] 🔐 Tentando logar com: anime30rr
[2025-12-29T20:05:05.104Z] ⚠️ KICKADO: {"color":"red","text":"Você inseriu a senha incorreta."}
[2025-12-29T20:05:08.056Z] 🚶 Indo para o NPC...
[2025-12-29T20:05:57.122Z] ⚠️ KICKADO: {"extra":[{"color":"red","text":"Seu endereço de IP foi bloqueado por suspeita de invasão.\n"},{"color":"red","text":"Tempo restante: 14m 8s"}],"text":""}
[2025-12-29T20:06:08.530Z] 💬 Enviei: !/registrar anime30rr
[2025-12-29T20:06:40.666Z] 💬 Enviei: !/logar anime30rr
[2025-12-29T20:14:21.687Z] 🌍 Spawnei em 7, -7
[2025-12-29T20:14:23.200Z] 🔐 Tentando logar com: anime30rr
[2025-12-29T20:14:26.202Z] 🚶 Indo para o NPC...
[2025-12-29T20:15:25.129Z] ⚠️ KICKADO: {"color":"red","text":"Você demorou muito para registrar."}
[2025-12-29T20:17:32.656Z] 🌍 Spawnei em 7, -7
[2025-12-29T20:17:34.172Z] 🔐 Tentando logar com: anime30rr
[2025-12-29T20:17:37.174Z] 🚶 Indo para o NPC...
[2025-12-29T20:19:05.275Z] 🌍 Spawnei em 7, -7, 22
[2025-12-29T20:19:06.282Z] 🔐 Login enviado.
[2025-12-29T20:19:07.044Z] 🌍 Spawnei em 1, 63, -1
[2025-12-29T20:19:08.045Z] 🔐 Login enviado.
[2025-12-29T20:19:09.283Z] 🚶 Indo até o NPC...
[2025-12-29T20:19:35.215Z] 🌍 Spawnei em 1, 63, -1
[2025-12-29T20:19:36.223Z] 🔐 Login enviado.
[2025-12-29T20:19:39.224Z] 🚶 Indo até o NPC...
[2025-12-29T20:19:43.233Z] ⚔️ Interagi com o NPC.
[2025-12-29T20:19:47.164Z] 🌍 Spawnei em -10, 72, 5
[2025-12-29T20:19:47.248Z] 💬 raphaela: manda seu d
[2025-12-29T20:19:48.168Z] 🔐 Login enviado.
[2025-12-29T20:19:48.235Z] 🏃 Andando 10 blocos para frente...
[2025-12-29T20:19:48.235Z] 📍 Cheguei no destino final. Parado.
[2025-12-29T20:19:51.183Z] 🚶 Indo até o NPC...
[2025-12-29T20:19:52.032Z] 💬 Matheuxx: mds para de tacar fogos de artificio faz MTOOOO LAG
[2025-12-29T20:19:52.982Z] 📍 Sistema: ELITE gbzinamassajava: Tpa=cppv
[2025-12-29T20:19:54.636Z] 💬 Nickzinx11: quese tave d
[2025-12-29T20:19:54.736Z] 💬 raphaela: tem um srv bom para agente joga
[2025-12-29T20:19:55.186Z] ⚔️ Interagi com o NPC.
[2025-12-29T20:19:56.441Z] 💬 DraxyYuri: nao tenho po
[2025-12-29T20:19:59.440Z] 💬 raphaela: a
[2025-12-29T20:20:00.187Z] 🏃 Andando 10 blocos para frente...
[2025-12-29T20:20:00.187Z] 📍 Cheguei no destino final. Parado.
[2025-12-29T20:20:04.187Z] 💬 LemonyFire59271: só do time
[2025-12-29T20:20:05.941Z] 💬 DraxyYuri: qual server
[2025-12-29T20:20:11.434Z] 💬 Nickzinx11: ta vendendo oq mn
[2025-12-29T20:20:12.893Z] 💬 andizim798: alg /1v1
[2025-12-29T20:20:13.278Z] 💬 raphaela: vc tem kowaMC
[2025-12-29T20:20:14.591Z] 💬 License: s
[2025-12-29T20:20:15.191Z] 💬 DEMONICVISION_: mn tem muita gente na arena tô olhando com freecam
[2025-12-29T20:20:16.145Z] 📍 Sistema: VIP Iamlipe01: aceito tpaqui cpvp ou spvp
[2025-12-29T20:20:16.146Z] 💬 Iamlipe01: aceito tpaqui cpvp ou spvp
[2025-12-29T20:20:17.451Z] 💬 JuniorSPTUX: quando eu uso essa espada o bglh some, eu queria fazzer um jeito q n quebrasse os armor
[2025-12-29T20:20:22.568Z] 💬 NoomNotMoon: isso é por causa do gutinho2k25
[2025-12-29T20:20:22.612Z] 💬 DraxyYuri: nao qual é o ip?
[2025-12-29T20:20:25.356Z] 💬 raphaela: pera
[2025-12-29T20:20:27.692Z] 💬 heitor_hh: k
[2025-12-29T20:20:32.201Z] 💬 Piranho: usa uma espada sem fire aspect
[2025-12-29T20:20:32.953Z] 💬 DraxyYuri: blz
[2025-12-29T20:20:35.440Z] 💬 Erickcastelo422: como comprar
[2025-12-29T20:20:40.135Z] 💬 Nickzinx11: blz
[2025-12-29T20:20:40.198Z] 💬 vsantosbr8: man
[2025-12-29T20:20:41.144Z] 💬 Peixoto9425: kdkkdsskdkskdkskdws~
[2025-12-29T20:20:41.701Z] 📍 Sistema: VIP Sr_monsterHg: tpa cpvp
[2025-12-29T20:20:41.701Z] 💬 Sr_monsterHg: tpa cpvp
[2025-12-29T20:20:46.391Z] 📍 Sistema: Hypzic: alguem aceita tpa?
[2025-12-29T20:20:46.391Z] 💬 Hypzic: alguem aceita tpa?
[2025-12-29T20:20:46.793Z] 💬 artxxzx: sa
[2025-12-29T20:20:48.142Z] 💬 vsantosbr8: já volto
[2025-12-29T20:20:49.756Z] 💬 Junicamara: dropa os cobre ae
[2025-12-29T20:20:57.059Z] 📍 Sistema: VIP Iamlipe01: aceito tpaqui cpvp ou spvp!
[2025-12-29T20:20:57.060Z] 💬 Iamlipe01: aceito tpaqui cpvp ou spvp!
[2025-12-29T20:20:57.093Z] 💬 Xxsolrac13: eu juro q n to usando kkksksksksk
[2025-12-29T20:20:57.737Z] 💬 Night_Exility: Compro picareta de netherite com toque de seda por até 30k
[2025-12-29T20:20:58.195Z] 💬 yYhago777: Pode usar hack?
[2025-12-29T20:20:58.293Z] 💬 scalvi129: ja volto 1 mim
[2025-12-29T20:20:59.489Z] 💬 Luhnny: Opa, não é liberado hack no servidor!
[2025-12-29T20:20:59.736Z] 💬 Gu_Guizz: so quero ver mlk
[2025-12-29T20:21:01.220Z] 💬 Junicamara: ok
[2025-12-29T20:21:01.438Z] 💬 choraprotraps: eae
[2025-12-29T20:21:03.484Z] 💬 Hypzic: salv
[2025-12-29T20:21:07.240Z] 💬 choraprotraps: inicainte?
[2025-12-29T20:21:08.101Z] 💬 Xxsolrac13: vou em um caminho aleatorio agora
[2025-12-29T20:21:09.740Z] 💬 teuxin: tem um cara usando hack
[2025-12-29T20:21:09.885Z] 💬 Hypzic: ss
[2025-12-29T20:21:13.337Z] 💬 Peixoto9425: ta
[2025-12-29T20:21:15.187Z] 💬 Piranho: calma
[2025-12-29T20:21:16.091Z] 💬 choraprotraps: tem quanto money?
[2025-12-29T20:21:16.697Z] 💬 andizim798: .Luizdelasrs1003 nois viu a particula sua kkk
[2025-12-29T20:21:19.494Z] 💬 Hypzic: 1k
[2025-12-29T20:21:23.093Z] 💬 Kiko2015rp: alguém time por favor
[2025-12-29T20:21:25.556Z] 💬 choraprotraps: relaxa n tou aqui pr amatar
[2025-12-29T20:21:26.514Z] 💬 teuxin: acabou de me matar e pegou ums 5k de item meu
[2025-12-29T20:21:27.645Z] 💬 JuniorSPTUX: vai la rapidao
[2025-12-29T20:21:29.688Z] 💬 Dfdafx625: pode usar x-ray????
[2025-12-29T20:21:30.031Z] 💬 Peixoto9425: kskks
[2025-12-29T20:21:31.685Z] 💬 Piranho: onde
[2025-12-29T20:21:33.885Z] 💬 Kiko2015rp: eu só quero entrar num time
[2025-12-29T20:21:35.784Z] 💬 Hypzic: masl
[2025-12-29T20:21:36.987Z] 💬 Nickzinx11: tenho oq se tem pra cender?
[2025-12-29T20:21:37.201Z] 💬 raphaela: vc e java ou bedrock?
[2025-12-29T20:21:42.734Z] 💬 AntiFern3257028: qual é o comando q faz pra dar dinheiro pros outros e qm me falar eu do mil gemas
[2025-12-29T20:21:45.111Z] 💬 Hypzic: slk vlw man
[2025-12-29T20:21:46.389Z] 💬 choraprotraps: flw
[2025-12-29T20:21:50.185Z] 📍 Sistema: VIP Sr_monsterHg: tpa pvpp
[2025-12-29T20:21:50.186Z] 💬 Sr_monsterHg: tpa pvpp
[2025-12-29T20:21:51.151Z] 💬 Hypzic: mn
[2025-12-29T20:21:51.689Z] 💬 scalvi129: tem carvao
[2025-12-29T20:21:53.923Z] 💬 choraprotraps: oi
[2025-12-29T20:21:57.735Z] 💬 Hypzic: se tem algum item?
[2025-12-29T20:22:01.293Z] 💬 DEMONICVISION_: artulhur
[2025-12-29T20:22:01.392Z] 💬 raphaela: java: kowamc. com
[2025-12-29T20:22:01.688Z] 💬 choraprotraps: vendi tudo
[2025-12-29T20:22:02.334Z] 💬 Nickzinx11: Wardn3nz1 que se tem pra vender
[2025-12-29T20:22:04.098Z] 💬 EvenSummer04970: ./pay o nick e o valor
[2025-12-29T20:22:06.892Z] 💬 Hypzic: vlw
[2025-12-29T20:22:08.005Z] 💬 Kiko2015rp: e /pagar
[2025-12-29T20:22:08.987Z] 💬 raphaela: DraxyYuri
[2025-12-29T20:22:10.043Z] 💬 DraxyYuri: eu sou java
[2025-12-29T20:22:10.438Z] 💬 Piranho: calma
[2025-12-29T20:22:10.734Z] 💬 choraprotraps: me add amizade
[2025-12-29T20:22:17.192Z] 💬 choraprotraps: dai eu trago um full dima pra vc depois
[2025-12-29T20:22:17.396Z] 💬 raphaela: usa kowamc. com
[2025-12-29T20:22:26.388Z] 📍 Sistema: LITE .AptPython411987: jotaOFCL pronto aseita tpaqui
[2025-12-29T20:22:28.086Z] 💬 Night_Exility: Compro picareta de netherite com toque de seda por ate 30k!
[2025-12-29T20:22:29.675Z] 💬 Hypzic: manda pra mim
[2025-12-29T20:22:34.785Z] 💬 Peixoto9425: kskskdkskdksdksakdkosakdkasdkioaokjasojkdasjijkodsad
[2025-12-29T20:22:37.948Z] 💬 Matheuxx: algum clan recrutando
[2025-12-29T20:22:38.946Z] 📍 Sistema: LITE maxxAmassante: tpa = cpvp
[2025-12-29T20:22:38.946Z] 💬 maxxAmassante: tpa = cpvp
[2025-12-29T20:22:40.435Z] 💬 DEMONICVISION_: the five
[2025-12-29T20:22:41.508Z] 💬 scalvi129: br faze farm?
[2025-12-29T20:22:44.537Z] 💬 Junicamara: br
[2025-12-29T20:22:46.572Z] 💬 Matheuxx: ?
[2025-12-29T20:22:46.937Z] 💬 Xxsolrac13: mds kkk
[2025-12-29T20:22:47.088Z] 💬 Iamlipe01: não vão no srmonster ele e trap spawn
[2025-12-29T20:22:47.831Z] 💬 DEMONICVISION_: tô atrás devocê
[2025-12-29T20:22:48.495Z] 💬 Kiko2015rp: piranhoo
[2025-12-29T20:22:53.475Z] 💬 Nickzinx11: .Wardn3zn1 como assim
[2025-12-29T20:22:54.741Z] 💬 Piranho: vai lá pra baixo
[2025-12-29T20:22:55.938Z] 💬 Junicamara: sou mt noob no mine msm,vai ser mt legal
[2025-12-29T20:22:59.368Z] 💬 Xxsolrac13: vo so cavar pra baixo agr
[2025-12-29T20:23:01.717Z] 💬 Piranho: ae
[2025-12-29T20:23:09.333Z] 💬 Kiko2015rp: piranhoooo
[2025-12-29T20:46:33.483Z] [olouco_afk_1] Spawnado no lobby!
[2025-12-29T20:46:38.520Z] [olouco_afk_1] Indo até o NPC do Semi-Anarquia...
[2025-12-29T20:46:48.774Z] [olouco_afk_2] Spawnado no lobby!
[2025-12-29T20:46:52.579Z] [olouco_afk_1] Modo AFK ativado.
[2025-12-29T20:46:53.788Z] [olouco_afk_2] Indo até o NPC do Semi-Anarquia...
[2025-12-29T20:47:03.624Z] [olouco_afk_3] Spawnado no lobby!
[2025-12-29T20:47:07.849Z] [olouco_afk_2] Modo AFK ativado.
[2025-12-29T20:47:08.638Z] [olouco_afk_3] Indo até o NPC do Semi-Anarquia...
[2025-12-29T20:47:17.342Z] [olouco_afk_1] Desconectado: socketClosed. Reconectando em 30s...
[2025-12-29T20:47:22.665Z] [olouco_afk_3] Modo AFK ativado.
[2025-12-29T20:47:48.100Z] [olouco_afk_1] Spawnado no lobby!
[2025-12-29T20:47:53.117Z] [olouco_afk_1] Indo até o NPC do Semi-Anarquia...
[2025-12-29T20:48:07.222Z] [olouco_afk_1] Modo AFK ativado.
[2025-12-29T20:48:19.047Z] [olouco_afk_2] Erro: write EPIPE
[2025-12-29T20:48:19.057Z] [olouco_afk_2] Desconectado: socketClosed. Reconectando em 30s...
[2025-12-29T20:48:49.812Z] [olouco_afk_2] Spawnado no lobby!
[2025-12-29T20:48:54.833Z] [olouco_afk_2] Indo até o NPC do Semi-Anarquia...
[2025-12-29T20:49:08.870Z] [olouco_afk_2] Modo AFK ativado.
[2025-12-29T20:50:16.610Z] [olouco_afk_2] Desconectado: socketClosed. Reconectando em 30s...
[2025-12-29T20:50:30.842Z] [olouco_afk_1] Desconectado: socketClosed. Reconectando em 30s...
[2025-12-29T20:50:47.885Z] [olouco_afk_2] Spawnado no lobby!
[2025-12-29T20:50:52.890Z] [olouco_afk_2] Indo até o NPC do Semi-Anarquia...
[2025-12-29T20:51:01.323Z] [olouco_afk_1] Spawnado no lobby!
[2025-12-29T20:51:06.333Z] [olouco_afk_1] Indo até o NPC do Semi-Anarquia...
[2025-12-29T20:51:06.979Z] [olouco_afk_2] Modo AFK ativado.
[2025-12-29T20:51:20.431Z] [olouco_afk_1] Modo AFK ativado.
[2025-12-29T20:51:31.975Z] [olouco_afk_2] Erro: write EPIPE
[2025-12-29T20:51:32.036Z] [olouco_afk_2] Desconectado: socketClosed. Reconectando em 30s...
[2025-12-29T20:52:02.728Z] [olouco_afk_2] Spawnado no lobby!
[2025-12-29T20:52:07.748Z] [olouco_afk_2] Indo até o NPC do Semi-Anarquia...
[2025-12-29T20:52:21.779Z] [olouco_afk_2] Modo AFK ativado.
[2025-12-29T20:52:46.838Z] [olouco_afk_2] Desconectado: socketClosed. Reconectando em 30s...
[2025-12-29T20:53:06.608Z] [olouco_afk_3] Desconectado: socketClosed. Reconectando em 30s...
[2025-12-29T20:53:17.750Z] [olouco_afk_2] Spawnado no lobby!
[2025-12-29T20:53:22.752Z] [olouco_afk_2] Indo até o NPC do Semi-Anarquia...
[2025-12-29T20:53:36.777Z] [olouco_afk_2] Modo AFK ativado.
[2025-12-29T20:53:37.929Z] [olouco_afk_3] Spawnado no lobby!
[2025-12-29T20:53:42.935Z] [olouco_afk_3] Indo até o NPC do Semi-Anarquia...
[2025-12-29T20:53:56.972Z] [olouco_afk_3] Modo AFK ativado.
[2025-12-29T20:54:38.171Z] [olouco_afk_3] Desconectado: socketClosed. Reconectando em 30s...
[2025-12-29T20:55:08.899Z] [olouco_afk_3] Spawnado no lobby!
[2025-12-29T20:55:13.902Z] [olouco_afk_3] Indo até o NPC do Semi-Anarquia...
[2025-12-29T20:55:26.965Z] [olouco_afk_2] Erro: read ECONNRESET
[2025-12-29T20:55:26.968Z] [olouco_afk_2] Desconectado: socketClosed. Reconectando em 30s...
[2025-12-29T20:55:27.908Z] [olouco_afk_3] Modo AFK ativado.
[2025-12-29T20:55:58.518Z] [olouco_afk_2] Spawnado no lobby!
[2025-12-29T20:56:03.529Z] [olouco_afk_2] Indo até o NPC do Semi-Anarquia...
[2025-12-29T20:56:11.590Z] [olouco_afk_3] Desconectado: socketClosed. Reconectando em 30s...
[2025-12-29T20:56:17.566Z] [olouco_afk_2] Modo AFK ativado.
[2025-12-29T20:56:42.150Z] [olouco_afk_3] Spawnado no lobby!
[2025-12-29T20:56:47.152Z] [olouco_afk_3] Indo até o NPC do Semi-Anarquia...
[2025-12-29T20:57:01.162Z] [olouco_afk_3] Modo AFK ativado.
[2025-12-29T20:57:16.837Z] [olouco_afk_2] Desconectado: socketClosed. Reconectando em 30s...
[2025-12-29T20:57:50.165Z] [olouco_afk_2] Spawnado no lobby!
[2025-12-29T20:57:55.168Z] [olouco_afk_2] Indo até o NPC do Semi-Anarquia...
[2025-12-29T20:58:09.222Z] [olouco_afk_2] Modo AFK ativado.
[2025-12-29T20:58:35.862Z] [olouco_afk_2] Desconectado: socketClosed. Reconectando em 30s...
[2025-12-29T20:59:08.500Z] [olouco_afk_2] Spawnado no lobby!
[2025-12-29T20:59:13.504Z] [olouco_afk_2] Indo até o NPC do Semi-Anarquia...
[2025-12-29T20:59:27.524Z] [olouco_afk_2] Modo AFK ativado.
[2025-12-29T20:59:35.591Z] [olouco_afk_3] Desconectado: socketClosed. Reconectando em 30s...
[2025-12-29T21:00:07.318Z] [olouco_afk_3] Spawnado no lobby!
[2025-12-29T21:00:12.324Z] [olouco_afk_3] Indo até o NPC do Semi-Anarquia...
[2025-12-29T21:00:26.419Z] [olouco_afk_3] Modo AFK ativado.
[2025-12-29T21:00:43.360Z] [olouco_afk_2] Desconectado: socketClosed. Reconectando em 30s...
[2025-12-29T21:00:48.345Z] [olouco_afk_1] Desconectado: socketClosed. Reconectando em 30s...
[2025-12-29T21:00:51.335Z] [olouco_afk_3] Desconectado: socketClosed. Reconectando em 30s...
[2025-12-29T21:01:14.048Z] [olouco_afk_2] Spawnado no lobby!
[2025-12-29T21:01:19.050Z] [olouco_afk_2] Indo até o NPC do Semi-Anarquia...
[2025-12-29T21:01:21.409Z] [olouco_afk_3] Desconectado: socketClosed. Reconectando em 30s...
[2025-12-29T21:01:33.111Z] [olouco_afk_2] Modo AFK ativado.
[2025-12-29T21:01:51.996Z] [olouco_afk_3] Spawnado no lobby!
[2025-12-29T21:01:56.998Z] [olouco_afk_3] Indo até o NPC do Semi-Anarquia...
[2025-12-29T21:02:11.008Z] [olouco_afk_3] Modo AFK ativado.
[2025-12-29T21:02:28.083Z] [olouco_afk_2] Desconectado: socketClosed. Reconectando em 30s...
[2025-12-29T21:02:36.081Z] [olouco_afk_3] Desconectado: socketClosed. Reconectando em 30s...
[2025-12-29T21:02:58.696Z] [olouco_afk_2] Spawnado no lobby!
[2025-12-29T21:03:03.699Z] [olouco_afk_2] Indo até o NPC do Semi-Anarquia...
[2025-12-29T21:03:06.848Z] [olouco_afk_3] Spawnado no lobby!
[2025-12-29T21:03:11.853Z] [olouco_afk_3] Indo até o NPC do Semi-Anarquia...
[2025-12-29T21:03:17.725Z] [olouco_afk_2] Modo AFK ativado.
[2025-12-29T21:03:25.861Z] [olouco_afk_3] Modo AFK ativado.
[2025-12-29T21:03:48.845Z] [olouco_afk_2] Desconectado: socketClosed. Reconectando em 30s...
[2025-12-29T21:04:19.395Z] [olouco_afk_2] Spawnado no lobby!
[2025-12-29T21:04:24.397Z] [olouco_afk_2] Indo até o NPC do Semi-Anarquia...
[2025-12-29T21:04:38.458Z] [olouco_afk_2] Modo AFK ativado.
[2025-12-29T21:06:05.368Z] [olouco_afk_3] Desconectado: socketClosed. Reconectando em 30s...
[2025-12-29T21:06:36.069Z] [olouco_afk_3] Spawnado no lobby!
[2025-12-29T21:06:41.077Z] [olouco_afk_3] Indo até o NPC do Semi-Anarquia...
[2025-12-29T21:06:55.159Z] [olouco_afk_3] Modo AFK ativado.
[2025-12-29T21:07:32.067Z] [olouco_afk_3] Erro: write EPIPE
[2025-12-29T21:07:32.094Z] [olouco_afk_3] Desconectado: socketClosed. Reconectando em 30s...
[2025-12-29T21:07:32.107Z] [olouco_afk_2] Desconectado: socketClosed. Reconectando em 30s...
[6:20:33 PM] [olouco_afk_1] [XYZ: 7, -7, 22] 🟢 Spawnado! Iniciando sequência...
[6:20:35 PM] [olouco_afk_1] [XYZ: 7, -7, 22] 🔐 Comando de login enviado.
[6:20:38 PM] [olouco_afk_1] [XYZ: 7, -7, 22] 🚶 Movendo para o NPC do Semi-Anarquia...
[6:20:46 PM] [olouco_afk_2] [XYZ: 7, -7, 22] 🟢 Spawnado! Iniciando sequência...
[6:20:48 PM] [olouco_afk_2] [XYZ: 7, -7, 22] 🔐 Comando de login enviado.
[6:20:49 PM] [olouco_afk_1] [XYZ: 7, -7, 22] 🏃 Afastando 10 blocos do spawn...
[6:20:51 PM] [olouco_afk_2] [XYZ: 7, -7, 22] 🚶 Movendo para o NPC do Semi-Anarquia...
[6:31:41 PM] [olouco_afk_1] [XYZ: 7, -7, 22] 🟢 Spawnado! Verificando autenticação...
[6:31:45 PM] [olouco_afk_1] [XYZ: 7, -7, 22] 🔐 Comandos de login/registro enviados.
[6:31:51 PM] [olouco_afk_1] [XYZ: 7, -7, 22] ⚠️ Falha ao sair do Limbo. Tentando logar novamente...
[6:31:54 PM] [olouco_afk_2] [XYZ: 7, -7, 22] 🟢 Spawnado! Verificando autenticação...
[6:31:57 PM] [olouco_afk_2] [XYZ: 7, -7, 22] 🔐 Comandos de login/registro enviados.
[6:32:04 PM] [olouco_afk_2] [XYZ: 7, -7, 22] ⚠️ Falha ao sair do Limbo. Tentando logar novamente...
[6:32:10 PM] [olouco_afk_3] [XYZ: 7, -7, 22] 🟢 Spawnado! Verificando autenticação...
[6:32:13 PM] [olouco_afk_3] [XYZ: 7, -7, 22] 🔐 Comandos de login/registro enviados.
[6:32:19 PM] [olouco_afk_3] [XYZ: 7, -7, 22] ⚠️ Falha ao sair do Limbo. Tentando logar novamente...
[6:38:39 PM] [olouco_afk_k7] [XYZ: 7, -7, 22] 🟢 Spawnado! Iniciando PROTOCOLO DE REGISTRO...
[6:38:42 PM] [olouco_afk_k7] [XYZ: 7, -7, 22] 📝 Enviado: /registrar
[6:38:46 PM] [olouco_afk_k7] [XYZ: 7, -7, 22] 🔐 Enviado: /logar (Reforço)
[6:38:52 PM] [olouco_afk_k7] [XYZ: 7, -7, 22] ❌ Falha crítica: O bot ainda está preso no Limbo. Verifique se o Nick já tem dono com outra senha.
[6:38:54 PM] [olouco_afk_f5] [XYZ: 7, -7, 22] 🟢 Spawnado! Iniciando PROTOCOLO DE REGISTRO...
[6:38:57 PM] [olouco_afk_f5] [XYZ: 7, -7, 22] 📝 Enviado: /registrar
[6:39:01 PM] [olouco_afk_f5] [XYZ: 7, -7, 22] 🔐 Enviado: /logar (Reforço)
[6:39:07 PM] [olouco_afk_f5] [XYZ: 7, -7, 22] ❌ Falha crítica: O bot ainda está preso no Limbo. Verifique se o Nick já tem dono com outra senha.
[6:39:09 PM] [olouco_afk_99] [XYZ: 7, -7, 22] 🟢 Spawnado! Iniciando PROTOCOLO DE REGISTRO...
[6:39:12 PM] [olouco_afk_99] [XYZ: 7, -7, 22] 📝 Enviado: /registrar
[6:39:16 PM] [olouco_afk_99] [XYZ: 7, -7, 22] 🔐 Enviado: /logar (Reforço)
[6:39:22 PM] [olouco_afk_99] [XYZ: 7, -7, 22] ❌ Falha crítica: O bot ainda está preso no Limbo. Verifique se o Nick já tem dono com outra senha.
[6:41:03 PM] [deusafk975] [XYZ: 7, -7, 22] 🟢 Spawnado! Iniciando PROTOCOLO DE REGISTRO...
[6:41:06 PM] [deusafk975] [XYZ: 7, -7, 22] 📝 Enviado: /registrar
[6:41:10 PM] [deusafk975] [XYZ: 7, -7, 22] 🔐 Enviado: /logar (Reforço)
[6:41:16 PM] [deusafk975] [XYZ: 7, -7, 22] ❌ Falha crítica: O bot ainda está preso no Limbo. Verifique se o Nick já tem dono com outra senha.
[6:41:18 PM] [deusafk535] [XYZ: 7, -7, 22] 🟢 Spawnado! Iniciando PROTOCOLO DE REGISTRO...
[6:41:21 PM] [deusafk535] [XYZ: 7, -7, 22] 📝 Enviado: /registrar
[6:41:25 PM] [deusafk535] [XYZ: 7, -7, 22] 🔐 Enviado: /logar (Reforço)
[6:41:31 PM] [deusafk535] [XYZ: 7, -7, 22] ❌ Falha crítica: O bot ainda está preso no Limbo. Verifique se o Nick já tem dono com outra senha.
[6:41:32 PM] [deusafk3546] [XYZ: 7, -7, 22] 🟢 Spawnado! Iniciando PROTOCOLO DE REGISTRO...
[6:41:35 PM] [deusafk3546] [XYZ: 7, -7, 22] 📝 Enviado: /registrar
[6:41:39 PM] [deusafk3546] [XYZ: 7, -7, 22] 🔐 Enviado: /logar (Reforço)
[6:41:45 PM] [deusafk3546] [XYZ: 7, -7, 22] ❌ Falha crítica: O bot ainda está preso no Limbo. Verifique se o Nick já tem dono com outra senha.
[6:50:29 PM] [deusafk975] [XYZ: 7, -7, 22] 🟢 Spawnado! Iniciando PROTOCOLO DE REGISTRO...
[6:50:32 PM] [deusafk975] [XYZ: 7, -7, 22] 📝 Enviado: /registrar
[6:50:36 PM] [deusafk975] [XYZ: 7, -7, 22] 🔐 Enviado: /logar (Reforço)
[6:50:42 PM] [deusafk975] [XYZ: 7, -7, 22] ❌ Falha crítica: O bot ainda está preso no Limbo.
[6:50:44 PM] [deusafk535] [XYZ: 7, -7, 22] 🟢 Spawnado! Iniciando PROTOCOLO DE REGISTRO...
[6:50:47 PM] [deusafk535] [XYZ: 7, -7, 22] 📝 Enviado: /registrar
[6:50:51 PM] [deusafk535] [XYZ: 7, -7, 22] 🔐 Enviado: /logar (Reforço)
[6:50:57 PM] [deusafk535] [XYZ: 7, -7, 22] ❌ Falha crítica: O bot ainda está preso no Limbo.
[6:50:59 PM] [deusafk3546] [XYZ: 7, -7, 22] 🟢 Spawnado! Iniciando PROTOCOLO DE REGISTRO...
[6:53:03 PM] [deusafk975] [XYZ: 7, -7, 22] 🟢 Spawnado! Iniciando PROTOCOLO DE REGISTRO...
[6:53:06 PM] [deusafk975] [XYZ: 7, -7, 22] 📝 Enviado: /registrar
[6:53:10 PM] [deusafk975] [XYZ: 7, -7, 22] 🔐 Enviado: /logar (Reforço)
[6:53:16 PM] [deusafk975] [XYZ: 7, -7, 22] ❌ Falha crítica: O bot ainda está preso no Limbo.
[6:53:19 PM] [deusafk535] [XYZ: 7, -7, 22] 🟢 Spawnado! Iniciando PROTOCOLO DE REGISTRO...
[6:53:22 PM] [deusafk535] [XYZ: 7, -7, 22] 📝 Enviado: /registrar
[6:58:33 PM] [deusafk975] [XYZ: 7, -7, 22] 🟢 Spawnado! Iniciando PROTOCOLO DE REGISTRO...
[6:58:36 PM] [deusafk975] [XYZ: 7, -7, 22] 📝 Enviado: /registrar
[6:58:41 PM] [deusafk975] [XYZ: 7, -7, 22] 🔐 Enviado: /logar (Reforço)
[6:58:47 PM] [deusafk975] [XYZ: 7, -7, 22] ❌ Falha crítica: O bot ainda está preso no Limbo.
[6:58:47 PM] [olouco_afk_2] [XYZ: 7, -7, 22] 🟢 Spawnado! Iniciando PROTOCOLO DE REGISTRO...
[6:58:50 PM] [olouco_afk_2] [XYZ: 7, -7, 22] 📝 Enviado: /registrar
[6:58:54 PM] [olouco_afk_2] [XYZ: 7, -7, 22] 🔐 Enviado: /logar (Reforço)
[6:59:00 PM] [olouco_afk_2] [XYZ: 7, -7, 22] ❌ Falha crítica: O bot ainda está preso no Limbo.
[6:59:02 PM] [olouco_afk_3] [XYZ: 7, -7, 22] 🟢 Spawnado! Iniciando PROTOCOLO DE REGISTRO...
[6:59:05 PM] [olouco_afk_3] [XYZ: 7, -7, 22] 📝 Enviado: /registrar
[7:34:58 PM] [Lobby] ⚠️ Não foi possível enviar: !/registrar anime30rr (Bot desconectado)
[7:34:59 PM] [7, -7, 22] 🌍 Spawnado! Iniciando protocolos...
[7:35:06 PM] [7, -7, 22] ⚠️ Ainda no Limbo (Y: -7). Tentando logar novamente...
[7:35:07 PM] [1, 63, -1] 🌍 Spawnado! Iniciando protocolos...
[7:35:14 PM] [1, 63, -1] ✅ No Lobby! Indo ao NPC...
[7:35:22 PM] [-1, 63, 14] ⚔️ Entrou no Semi-Anarquia.
[7:35:23 PM] [-9, 72, 7] 🌍 Spawnado! Iniciando protocolos...
[7:35:27 PM] [-9, 72, 7] 🏃 Andando 10 blocos...
[7:35:30 PM] [-16, 72, 1] ✅ No Lobby! Indo ao NPC...
[7:35:33 PM] [-6, 72, 11] 💤 AFK ATIVADO.
[7:35:33 PM] [-14, 80, -50] 🌍 Spawnado! Iniciando protocolos...
[7:35:38 PM] [-14, 80, -50] ⚔️ Entrou no Semi-Anarquia.
[7:35:40 PM] [-14, 80, -50] ✅ No Lobby! Indo ao NPC...
[7:35:43 PM] [-14, 80, -50] 🏃 Andando 10 blocos...
[7:35:48 PM] [-14, 80, -50] ⚔️ Entrou no Semi-Anarquia.
[7:35:49 PM] [-14, 80, -50] 💤 AFK ATIVADO.
[7:35:53 PM] [-14, 80, -50] 🏃 Andando 10 blocos...
[7:35:59 PM] [-14, 80, -50] 💤 AFK ATIVADO.
[7:54:38 PM] [1, 63, -1] 🌍 Spawnado! Iniciando protocolos...
[7:54:46 PM] [1, 63, -1] ✅ No Lobby! Indo ao NPC...
[7:54:54 PM] [-0, 63, 14] ⚔️ Entrou no Semi-Anarquia.
[7:54:55 PM] [-14, 80, -50] 🌍 Spawnado! Iniciando protocolos...
[7:54:59 PM] [-14, 80, -50] 🏃 Andando 10 blocos...
[7:55:02 PM] [-14, 80, -50] ✅ No Lobby! Indo ao NPC...
[7:55:05 PM] [-14, 80, -50] 💤 AFK ATIVADO.
[7:55:10 PM] [-14, 80, -50] ⚔️ Entrou no Semi-Anarquia.
[7:55:15 PM] [-14, 80, -50] 🏃 Andando 10 blocos...
[7:55:21 PM] [-14, 80, -50] 💤 AFK ATIVADO.
[8:28:22 PM] [-14, 80, -50] 📊 Relatando saldo: Aguardando checagem...
[8:28:55 PM] [-14, 80, -50] 🔴 Bot desconectado.
[8:29:51 PM] [1, 63, -1] 🌍 Spawnado! Iniciando protocolos...
[8:29:58 PM] [1, 63, -1] ✅ No Lobby! Indo ao NPC...
[8:30:06 PM] [-0, 63, 14] ⚔️ Entrou no Semi-Anarquia.
[8:30:07 PM] [-14, 80, -50] 🌍 Spawnado! Iniciando protocolos...
[8:30:11 PM] [-14, 80, -50] 🏃 Andando 10 blocos...
[8:30:14 PM] [-14, 80, -50] ✅ No Lobby! Indo ao NPC...
[8:30:18 PM] [-14, 71, -50] 💤 AFK ATIVADO.
[8:30:22 PM] [-14, 80, -50] ⚔️ Entrou no Semi-Anarquia.
[8:30:27 PM] [-14, 80, -50] 🏃 Andando 10 blocos...
[8:30:33 PM] [-14, 80, -50] 💤 AFK ATIVADO.
[9:17:02 PM] [-14, 80, -50] 📊 Relatando saldo: Aguardando checagem...
[9:53:25 PM] [-14, 80, -50] 📊 Relatando saldo: Aguardando checagem...
[11:22:37 PM] 🚀 Bot principal online. Logando...
[11:22:50 PM] ✅ Logado. Ativando modo econômico.
[11:31:11 PM] 🚀 Bot principal online. Logando...
[11:31:24 PM] ✅ Logado. Ativando modo econômico.
[11:32:01 PM] 🔴 Desconectado (socketClosed). Reconectando em 1 minuto...
[11:33:02 PM] 🚀 Bot principal online. Logando...
[11:33:15 PM] ✅ Logado. Ativando modo econômico.
[11:33:55 PM] 🔴 Desconectado (socketClosed). Reconectando em 1 minuto...
[11:40:45 PM] [X:7 Y:-7 Z:22] 🚀 BOT CONECTADO! Iniciando sequência...
[11:40:58 PM] [X:7 Y:-7 Z:22] ✅ Login realizado. Entrando no modo AFK.
[11:41:08 PM] [X:7 Y:-7 Z:22] 📍 POSIÇÃO ATUAL
[11:41:18 PM] [X:7 Y:-7 Z:22] 📍 POSIÇÃO ATUAL
[11:41:28 PM] [X:7 Y:-7 Z:22] 📍 POSIÇÃO ATUAL
[11:41:28 PM] [X:7 Y:-7 Z:22] 🔴 DESCONECTADO (socketClosed). Reconectando em 60s...
[11:45:11 PM] [7, -7, 22] 🌍 Spawnado! Iniciando protocolos...
[11:45:19 PM] [7, -7, 22] ⚠️ No Limbo. Tentando logar...
[11:45:19 PM] [1, 63, -1] 🌍 Spawnado! Iniciando protocolos...
[11:45:26 PM] [1, 63, -1] ✅ No Lobby! Indo ao NPC...
[11:45:34 PM] [-0, 63, 14] ⚔️ Entrou no Semi-Anarquia.
[11:45:35 PM] [-14, 80, -50] 🌍 Spawnado! Iniciando protocolos...
[11:45:39 PM] [-14, 80, -50] 🏃 Andando 10 blocos...
[11:45:42 PM] [-14, 80, -50] ✅ No Lobby! Indo ao NPC...
[11:45:45 PM] [-14, 80, -50] 💤 AFK ATIVADO.
[11:45:50 PM] [-14, 80, -50] ⚔️ Entrou no Semi-Anarquia.
[11:45:55 PM] [-14, 80, -50] 🏃 Andando 10 blocos...
[11:46:01 PM] [-14, 80, -50] 💤 AFK ATIVADO.
[12:10:52 AM] [-14, 80, -50] ❌ Erro: read ECONNABORTED
[12:10:52 AM] [-14, 80, -50] 🔴 Bot desconectado.
[12:12:21 AM] [Lobby] 🔴 Bot desconectado.
[12:14:46 AM] [1, 63, -1] 🌍 Spawnado! Iniciando protocolos...
[12:14:53 AM] [1, 63, -1] ✅ No Lobby! Indo ao NPC...
[12:15:01 AM] [-0, 63, 14] ⚔️ Entrou no Semi-Anarquia.
[12:15:02 AM] [-14, 80, -50] 🌍 Spawnado! Iniciando protocolos...
[12:15:06 AM] [-14, 80, -50] 🏃 Andando 10 blocos...
[12:15:10 AM] [-14, 78, -50] ✅ No Lobby! Indo ao NPC...
[12:15:13 AM] [-14, 75, -50] 💤 AFK ATIVADO.
[12:15:18 AM] [-14, 80, -50] ⚔️ Entrou no Semi-Anarquia.
[12:15:23 AM] [-14, 80, -50] 🏃 Andando 10 blocos...
[12:15:29 AM] [-14, 80, -50] 💤 AFK ATIVADO.
[12:27:48 AM] [1, 63, -1] 🌍 Spawnado! Iniciando protocolos...
[12:27:55 AM] [1, 63, -1] ✅ No Lobby! Indo ao NPC...
[12:28:03 AM] [-0, 63, 14] ⚔️ Entrou no Semi-Anarquia.
[12:28:04 AM] [-14, 80, -50] 🌍 Spawnado! Iniciando protocolos...
[12:28:08 AM] [-14, 80, -50] 🏃 Andando 10 blocos...
[12:28:11 AM] [-14, 80, -50] ✅ No Lobby! Indo ao NPC...
[12:28:14 AM] [-14, 80, -50] 💤 AFK ATIVADO.
[12:28:19 AM] [-14, 80, -50] ⚔️ Entrou no Semi-Anarquia.
[12:28:24 AM] [-14, 80, -50] 🏃 Andando 10 blocos...
[12:28:30 AM] [-14, 80, -50] 💤 AFK ATIVADO.
[12:41:04 AM] [-14, -355, -50] ❌ Erro: read ECONNABORTED
[12:41:04 AM] [-14, -355, -50] 🔴 Bot desconectado.
[12:52:46 AM] [7, -7, 22] 🌍 Spawnado! Iniciando protocolos...
[12:52:53 AM] [7, -7, 22] ⚠️ No Limbo. Tentando logar...
[12:52:54 AM] [1, 63, -1] 🌍 Spawnado! Iniciando protocolos...
[12:53:01 AM] [1, 63, -1] ✅ No Lobby! Indo ao NPC...
[12:53:09 AM] [-0, 63, 14] ⚔️ Entrou no Semi-Anarquia.
[12:53:09 AM] [-14, 80, -50] 🌍 Spawnado! Iniciando protocolos...
[12:53:14 AM] [-14, 80, -50] 🏃 Andando 10 blocos...
[12:53:16 AM] [-14, 80, -50] ✅ No Lobby! Indo ao NPC...
[12:53:20 AM] [-14, 80, -50] 💤 AFK ATIVADO.
[12:53:24 AM] [-14, 80, -50] ⚔️ Entrou no Semi-Anarquia.
[12:53:29 AM] [-14, 80, -50] 🏃 Andando 10 blocos...
[12:53:35 AM] [-14, 80, -50] 💤 AFK ATIVADO.
[1:27:52 AM] [1, 63, -1] 🌍 Spawnado! Iniciando protocolos...
[1:27:59 AM] [1, 63, -1] ✅ No Lobby! Indo ao NPC...
[1:28:07 AM] [1, 63, -1] ⚔️ Entrou no Semi-Anarquia.
[1:28:12 AM] [1, 63, -1] 🏃 Andando 10 blocos...
[1:28:18 AM] [4, 63, -0] 💤 AFK ATIVADO.
[1:28:20 AM] [4, 63, -0] ❌ Erro: client timed out after 30000 milliseconds
[1:28:38 AM] [5, 63, 2] 🔴 Bot desconectado.
[1:28:51 AM] [5, 63, 2] ❌ Erro: write EPIPE
